// Jest Snapshot v1, https://goo.gl/fbAQLP

exports[`<CalendarModal /> testing should render conrrectly 1`] = `
<Portal
  containerInfo={
    <body>
      <div
        aria-hidden="true"
        class="MuiDialog-root calendarModal"
        role="presentation"
        style="position: fixed; z-index: 1300; right: 0px; bottom: 0px; top: 0px; left: 0px; visibility: hidden;"
      >
        <div
          aria-hidden="true"
          class="MuiBackdrop-root"
          style="opacity: 0; visibility: hidden;"
        />
        <div
          data-test="sentinelStart"
          tabindex="0"
        />
        <div
          class="MuiDialog-container MuiDialog-scrollPaper"
          role="none presentation"
          style="visibility: hidden; webkit-transform: translateY(768px) translateY(0px); transform: translateY(768px) translateY(0px);"
          tabindex="-1"
        >
          <div
            aria-describedby="alert-dialog-slide-description"
            aria-labelledby="alert-dialog-slide-title"
            class="MuiPaper-root MuiDialog-paper MuiDialog-paperScrollPaper MuiDialog-paperWidthSm MuiPaper-elevation24 MuiPaper-rounded"
            role="dialog"
          >
            <div
              class="MuiDialogTitle-root"
              id="alert-dialog-slide-title"
            >
              <h2
                class="MuiTypography-root MuiTypography-h6"
              >
                <span>
                  Editar evento
                </span>
                <button
                  class="MuiButtonBase-root MuiIconButton-root"
                  tabindex="0"
                  type="button"
                >
                  <span
                    class="MuiIconButton-label"
                  >
                     
                    <span
                      aria-hidden="true"
                      class="material-icons MuiIcon-root"
                    >
                      cancel
                    </span>
                     
                  </span>
                  <span
                    class="MuiTouchRipple-root"
                  />
                </button>
              </h2>
            </div>
            <div
              class="MuiDialogContent-root"
            >
              <form
                autocomplete="off"
                novalidate=""
              >
                <div
                  class="MuiFormControl-root MuiTextField-root"
                >
                  <label
                    class="MuiFormLabel-root MuiInputLabel-root MuiInputLabel-formControl MuiInputLabel-animated MuiInputLabel-shrink MuiFormLabel-filled"
                    data-shrink="true"
                    for="datetime-local"
                    id="datetime-local-label"
                  >
                    Fecha y hora de inicio
                  </label>
                  <div
                    class="MuiInputBase-root MuiInput-root MuiInput-underline MuiInputBase-formControl MuiInput-formControl"
                  >
                    <input
                      aria-invalid="false"
                      class="MuiInputBase-input MuiInput-input"
                      id="datetime-local"
                      name="start"
                      type="datetime-local"
                      value="2020-10-09T00:00:00"
                    />
                  </div>
                  
                </div>
                <div
                  class="MuiFormControl-root MuiTextField-root"
                >
                  <label
                    class="MuiFormLabel-root MuiInputLabel-root MuiInputLabel-formControl MuiInputLabel-animated MuiInputLabel-shrink MuiFormLabel-filled"
                    data-shrink="true"
                    for="datetime-local"
                    id="datetime-local-label"
                  >
                    Fecha y hora final
                  </label>
                  <div
                    class="MuiInputBase-root MuiInput-root MuiInput-underline MuiInputBase-formControl MuiInput-formControl"
                  >
                    <input
                      aria-invalid="false"
                      class="MuiInputBase-input MuiInput-input"
                      id="datetime-local"
                      name="end"
                      type="datetime-local"
                      value="2020-10-09T01:00:00"
                    />
                  </div>
                  
                </div>
                <div
                  class="MuiFormControl-root MuiTextField-root"
                >
                  <label
                    class="MuiFormLabel-root MuiInputLabel-root MuiInputLabel-formControl MuiInputLabel-animated MuiInputLabel-shrink MuiInputLabel-outlined MuiFormLabel-filled"
                    data-shrink="true"
                    for="outlined-basic"
                    id="outlined-basic-label"
                  >
                    Titulo
                  </label>
                  <div
                    class="MuiInputBase-root MuiOutlinedInput-root MuiInputBase-formControl"
                  >
                    <input
                      aria-invalid="false"
                      class="MuiInputBase-input MuiOutlinedInput-input"
                      id="outlined-basic"
                      name="title"
                      type="text"
                      value="Prueba de evento"
                    />
                    <fieldset
                      aria-hidden="true"
                      class="PrivateNotchedOutline-root-1 MuiOutlinedInput-notchedOutline"
                    >
                      <legend
                        class="PrivateNotchedOutline-legendLabelled-3 PrivateNotchedOutline-legendNotched-4"
                      >
                        <span>
                          Titulo
                        </span>
                      </legend>
                    </fieldset>
                  </div>
                  
                </div>
                <div
                  class="MuiFormControl-root MuiTextField-root"
                >
                  <label
                    class="MuiFormLabel-root MuiInputLabel-root MuiInputLabel-formControl MuiInputLabel-animated MuiInputLabel-shrink MuiInputLabel-outlined MuiFormLabel-filled"
                    data-shrink="true"
                    for="outlined-multiline-static"
                    id="outlined-multiline-static-label"
                  >
                    Notas
                  </label>
                  <div
                    class="MuiInputBase-root MuiOutlinedInput-root MuiInputBase-formControl MuiInputBase-multiline MuiOutlinedInput-multiline"
                  >
                    <textarea
                      aria-invalid="false"
                      class="MuiInputBase-input MuiOutlinedInput-input MuiInputBase-inputMultiline MuiOutlinedInput-inputMultiline"
                      id="outlined-multiline-static"
                      name="notes"
                      rows="4"
                    >
                      Una nota del evento
                    </textarea>
                    <fieldset
                      aria-hidden="true"
                      class="PrivateNotchedOutline-root-1 MuiOutlinedInput-notchedOutline"
                    >
                      <legend
                        class="PrivateNotchedOutline-legendLabelled-3 PrivateNotchedOutline-legendNotched-4"
                      >
                        <span>
                          Notas
                        </span>
                      </legend>
                    </fieldset>
                  </div>
                </div>
              </form>
            </div>
            <div
              class="MuiDialogActions-root MuiDialogActions-spacing"
            >
              <button
                class="MuiButtonBase-root MuiButton-root MuiButton-text MuiButton-textSecondary"
                tabindex="0"
                type="button"
              >
                <span
                  class="MuiButton-label"
                >
                   Eliminar 
                </span>
                <span
                  class="MuiTouchRipple-root"
                />
              </button>
              <button
                class="MuiButtonBase-root MuiButton-root MuiButton-contained btn-primary MuiButton-containedPrimary"
                tabindex="0"
                type="button"
              >
                <span
                  class="MuiButton-label"
                >
                   Guardar 
                </span>
                <span
                  class="MuiTouchRipple-root"
                />
              </button>
            </div>
          </div>
        </div>
        <div
          data-test="sentinelEnd"
          tabindex="0"
        />
      </div>
    </body>
  }
>
  <div
    className="MuiDialog-root calendarModal"
    onKeyDown={[Function]}
    role="presentation"
    style={
      Object {
        "bottom": 0,
        "left": 0,
        "position": "fixed",
        "right": 0,
        "top": 0,
        "visibility": "hidden",
        "zIndex": 1300,
      }
    }
  >
    <div
      aria-hidden={true}
      className="MuiBackdrop-root"
      onClick={[Function]}
      style={
        Object {
          "opacity": 0,
          "visibility": "hidden",
        }
      }
    />
    Array [
      <div
        data-test="sentinelStart"
        tabIndex={0}
      />,
      <div
        className="MuiDialog-container MuiDialog-scrollPaper"
        onMouseDown={[Function]}
        onMouseUp={[Function]}
        role="none presentation"
        style={
          Object {
            "visibility": "hidden",
          }
        }
        tabIndex="-1"
      >
        <div
          aria-describedby="alert-dialog-slide-description"
          aria-labelledby="alert-dialog-slide-title"
          className="MuiPaper-root MuiDialog-paper MuiDialog-paperScrollPaper MuiDialog-paperWidthSm MuiPaper-elevation24 MuiPaper-rounded"
          role="dialog"
        >
          <div
            className="MuiDialogTitle-root"
            id="alert-dialog-slide-title"
          >
            <h2
              className="MuiTypography-root MuiTypography-h6"
            >
              <span>
                Editar evento
              </span>
              <button
                className="MuiButtonBase-root MuiIconButton-root"
                disabled={false}
                onBlur={[Function]}
                onClick={[Function]}
                onDragLeave={[Function]}
                onFocus={[Function]}
                onKeyDown={[Function]}
                onKeyUp={[Function]}
                onMouseDown={[Function]}
                onMouseLeave={[Function]}
                onMouseUp={[Function]}
                onTouchEnd={[Function]}
                onTouchMove={[Function]}
                onTouchStart={[Function]}
                tabIndex={0}
                type="button"
              >
                <span
                  className="MuiIconButton-label"
                >
                   
                  <span
                    aria-hidden={true}
                    className="material-icons MuiIcon-root"
                  >
                    cancel
                  </span>
                   
                </span>
                <span
                  className="MuiTouchRipple-root"
                />
              </button>
            </h2>
          </div>
          <div
            className="MuiDialogContent-root"
          >
            <form
              autoComplete="off"
              noValidate={true}
            >
              <div
                className="MuiFormControl-root MuiTextField-root"
              >
                <label
                  className="MuiFormLabel-root MuiInputLabel-root MuiInputLabel-formControl MuiInputLabel-animated MuiInputLabel-shrink MuiFormLabel-filled"
                  data-shrink={true}
                  htmlFor="datetime-local"
                  id="datetime-local-label"
                >
                  Fecha y hora de inicio
                </label>
                <div
                  className="MuiInputBase-root MuiInput-root MuiInput-underline MuiInputBase-formControl MuiInput-formControl"
                  onClick={[Function]}
                >
                  <input
                    aria-invalid={false}
                    autoFocus={false}
                    className="MuiInputBase-input MuiInput-input"
                    disabled={false}
                    id="datetime-local"
                    name="start"
                    onAnimationStart={[Function]}
                    onBlur={[Function]}
                    onChange={[Function]}
                    onFocus={[Function]}
                    required={false}
                    type="datetime-local"
                    value="2020-10-09T00:00:00"
                  />
                </div>
              </div>
              <div
                className="MuiFormControl-root MuiTextField-root"
              >
                <label
                  className="MuiFormLabel-root MuiInputLabel-root MuiInputLabel-formControl MuiInputLabel-animated MuiInputLabel-shrink MuiFormLabel-filled"
                  data-shrink={true}
                  htmlFor="datetime-local"
                  id="datetime-local-label"
                >
                  Fecha y hora final
                </label>
                <div
                  className="MuiInputBase-root MuiInput-root MuiInput-underline MuiInputBase-formControl MuiInput-formControl"
                  onClick={[Function]}
                >
                  <input
                    aria-invalid={false}
                    autoFocus={false}
                    className="MuiInputBase-input MuiInput-input"
                    disabled={false}
                    id="datetime-local"
                    name="end"
                    onAnimationStart={[Function]}
                    onBlur={[Function]}
                    onChange={[Function]}
                    onFocus={[Function]}
                    required={false}
                    type="datetime-local"
                    value="2020-10-09T01:00:00"
                  />
                </div>
              </div>
              <div
                className="MuiFormControl-root MuiTextField-root"
              >
                <label
                  className="MuiFormLabel-root MuiInputLabel-root MuiInputLabel-formControl MuiInputLabel-animated MuiInputLabel-shrink MuiInputLabel-outlined MuiFormLabel-filled"
                  data-shrink={true}
                  htmlFor="outlined-basic"
                  id="outlined-basic-label"
                >
                  Titulo
                </label>
                <div
                  className="MuiInputBase-root MuiOutlinedInput-root MuiInputBase-formControl"
                  onClick={[Function]}
                >
                  <input
                    aria-invalid={false}
                    autoFocus={false}
                    className="MuiInputBase-input MuiOutlinedInput-input"
                    disabled={false}
                    id="outlined-basic"
                    name="title"
                    onAnimationStart={[Function]}
                    onBlur={[Function]}
                    onChange={[Function]}
                    onFocus={[Function]}
                    required={false}
                    type="text"
                    value="Prueba de evento"
                  />
                  <fieldset
                    aria-hidden={true}
                    className="PrivateNotchedOutline-root-1 MuiOutlinedInput-notchedOutline"
                  >
                    <legend
                      className="PrivateNotchedOutline-legendLabelled-3 PrivateNotchedOutline-legendNotched-4"
                    >
                      <span>
                        Titulo
                      </span>
                    </legend>
                  </fieldset>
                </div>
              </div>
              <div
                className="MuiFormControl-root MuiTextField-root"
              >
                <label
                  className="MuiFormLabel-root MuiInputLabel-root MuiInputLabel-formControl MuiInputLabel-animated MuiInputLabel-shrink MuiInputLabel-outlined MuiFormLabel-filled"
                  data-shrink={true}
                  htmlFor="outlined-multiline-static"
                  id="outlined-multiline-static-label"
                >
                  Notas
                </label>
                <div
                  className="MuiInputBase-root MuiOutlinedInput-root MuiInputBase-formControl MuiInputBase-multiline MuiOutlinedInput-multiline"
                  onClick={[Function]}
                >
                  <textarea
                    aria-invalid={false}
                    autoFocus={false}
                    className="MuiInputBase-input MuiOutlinedInput-input MuiInputBase-inputMultiline MuiOutlinedInput-inputMultiline"
                    disabled={false}
                    id="outlined-multiline-static"
                    name="notes"
                    onAnimationStart={[Function]}
                    onBlur={[Function]}
                    onChange={[Function]}
                    onFocus={[Function]}
                    required={false}
                    rows={4}
                    value="Una nota del evento"
                  />
                  <fieldset
                    aria-hidden={true}
                    className="PrivateNotchedOutline-root-1 MuiOutlinedInput-notchedOutline"
                  >
                    <legend
                      className="PrivateNotchedOutline-legendLabelled-3 PrivateNotchedOutline-legendNotched-4"
                    >
                      <span>
                        Notas
                      </span>
                    </legend>
                  </fieldset>
                </div>
              </div>
            </form>
          </div>
          <div
            className="MuiDialogActions-root MuiDialogActions-spacing"
          >
            <button
              className="MuiButtonBase-root MuiButton-root MuiButton-text MuiButton-textSecondary"
              disabled={false}
              onBlur={[Function]}
              onClick={[Function]}
              onDragLeave={[Function]}
              onFocus={[Function]}
              onKeyDown={[Function]}
              onKeyUp={[Function]}
              onMouseDown={[Function]}
              onMouseLeave={[Function]}
              onMouseUp={[Function]}
              onTouchEnd={[Function]}
              onTouchMove={[Function]}
              onTouchStart={[Function]}
              tabIndex={0}
              type="button"
            >
              <span
                className="MuiButton-label"
              >
                 Eliminar 
              </span>
              <span
                className="MuiTouchRipple-root"
              />
            </button>
            <button
              className="MuiButtonBase-root MuiButton-root MuiButton-contained btn-primary MuiButton-containedPrimary"
              disabled={false}
              onBlur={[Function]}
              onClick={[Function]}
              onDragLeave={[Function]}
              onFocus={[Function]}
              onKeyDown={[Function]}
              onKeyUp={[Function]}
              onMouseDown={[Function]}
              onMouseLeave={[Function]}
              onMouseUp={[Function]}
              onTouchEnd={[Function]}
              onTouchMove={[Function]}
              onTouchStart={[Function]}
              tabIndex={0}
              type="button"
            >
              <span
                className="MuiButton-label"
              >
                 Guardar 
              </span>
              <span
                className="MuiTouchRipple-root"
              />
            </button>
          </div>
        </div>
      </div>,
      <div
        data-test="sentinelEnd"
        tabIndex={0}
      />,
    ]
  </div>
</Portal>
`;
